// Jest Snapshot v1, https://goo.gl/fbAQLP

exports[`renders correctly 1`] = `
<div>
  <h5>
    The score is:
  </h5>
  42
   : 
  42
</div>
`;
