// Jest Snapshot v1, https://goo.gl/fbAQLP

exports[`renders correctly 1`] = `
<a
  href="/sports/42"
  onClick={[Function]}
>
  (
  42
  )
</a>
`;
